[2026-07-10T15:37:38.522Z] DEBUG FRAMEWORK     [preferences] No preferences file found, using defaults [framework]
[2026-07-10T15:37:38.541Z] INFO  SYSTEM        
=== MCC-NG Framework startup diagnostics ===
	content root: C:/Users/I73764/.mcc-ng
	platform: win32
	os version: Windows 11 Enterprise
	arch: x64
	locale: en-US
	pid: 28688
	cwd: C:\Program Files\Microsoft VS Code
	node version: v24.15.0
	framework version: v0.17.0
	argv: C:\Program Files\Microsoft VS Code\Code.exe,c:\Program Files\Microsoft VS Code\4fe60c8b1c\resources\app\out\bootstrap-fork.js,--skipWorkspaceStorageLock
============================================ [startup]
[2026-07-10T15:37:43.887Z] DEBUG FRAMEWORK     [preferences] No preferences file found, using defaults [framework]
[2026-07-10T15:37:43.891Z] INFO  SYSTEM        [Project] Detecting ecosystem for c:\D\BZ6_ComboApp\Thread_BLE\SED\ble_thread_prov_sed_sensor\firmware\ble_thread_prov_sed_sensor.X [projectManager]
[2026-07-10T15:37:43.899Z] INFO  SYSTEM        cmsis: No CMSIS markers found [projectManager]
[2026-07-10T15:37:43.901Z] INFO  SYSTEM        mplab: marker in .vscode/, returning 0.9 confidence [projectManager]
[2026-07-10T15:37:43.912Z] INFO  SYSTEM        mplab: auto-discovered 1 association(s) [projectManager]
[2026-07-10T15:37:43.948Z] INFO  SYSTEM        mplab: active association: default [projectManager]
[2026-07-10T15:37:43.961Z] INFO  SYSTEM        mplab: loaded environment from c:\D\BZ6_ComboApp\Thread_BLE\SED\ble_thread_prov_sed_sensor\firmware\ble_thread_prov_sed_sensor.X\.vscode\ble_thread_prov_sed_sensor.mplab.json device=PIC32WM_BZ6204 activeConf=default configurations=1 [projectManager]
[2026-07-10T15:37:43.962Z] INFO  SYSTEM        [Project] Loaded mplab environment with 0 components [projectManager]
[2026-07-10T15:37:43.977Z] INFO  SYSTEM        [persistence] No config file found, using empty state [projectManager]
[2026-07-10T15:37:43.979Z] INFO  SYSTEM        [persistence] Set global.generatedPath: ../mcc_generated_files [projectManager]
[2026-07-10T15:37:43.981Z] INFO  SYSTEM        [persistence] Loading hardware for device: PIC32WM_BZ6204 [projectManager]
[2026-07-10T15:37:43.993Z] DEBUG SYSTEM        Action: ADD_HARDWARE | {"deviceName":"PIC32WM_BZ6204"} [action,redux]
[2026-07-10T15:37:43.995Z] INFO  FRAMEWORK     Initializing device pack discovery... [framework]
[2026-07-10T15:37:43.997Z] DEBUG FRAMEWORK     PackManager created with options: customPackServerUrl=default, maxRetries=3 [framework]
[2026-07-10T15:37:43.998Z] INFO  FRAMEWORK     Initializing Pack Manager (customPackServerUrl=default) [framework]
[2026-07-10T15:37:43.999Z] INFO  PACKSERVICE   [PACK-SERVICE] PackManager initial local pack folder C:\Users\I73764\.mchp_packs\ and remote pack repository https://packs.download.microchip.com/index.idx.gz [packService]
[2026-07-10T15:37:44.011Z] DEBUG PACKSERVICE   [PACK-SERVICE] MPLAB local pack folder exists: C:\Users\I73764\.mchp_packs\ [packService]
[2026-07-10T15:37:44.018Z] DEBUG PACKSERVICE   [PACK-SERVICE] .clangd file exists: C:\Users\I73764\.mchp_packs\.clangd [packService]
[2026-07-10T15:37:44.019Z] DEBUG PACKSERVICE   [PACK-SERVICE] Acquiring metadata lock for: C:\Users\I73764\.mchp_packs\ [packService]
[2026-07-10T15:37:44.031Z] DEBUG PACKSERVICE   [PACK-SERVICE] Acquired metadata lock for: C:\Users\I73764\.mchp_packs\ [packService]
[2026-07-10T15:37:44.032Z] DEBUG PACKSERVICE   [PACK-SERVICE] Parsing etag info from: C:\Users\I73764\.mchp_packs\ [packService]
[2026-07-10T15:37:44.034Z] DEBUG PACKSERVICE   [PACK-SERVICE] Found legacy etag file. [packService]
[2026-07-10T15:37:44.045Z] DEBUG PACKSERVICE   [PACK-SERVICE] Current Etag: "35d9986b7ca7d2e13ec71e71f265e7cc" [packService]
[2026-07-10T15:37:44.046Z] DEBUG PACKSERVICE   [PACK-SERVICE] Legacy etag: "35d9986b7ca7d2e13ec71e71f265e7cc" [packService]
[2026-07-10T15:37:44.048Z] DEBUG PACKSERVICE   [PACK-SERVICE] Reading cache from disk. [packService]
[2026-07-10T15:37:45.250Z] DEBUG PACKSERVICE   [PACK-SERVICE] Released metadata lock for: C:\Users\I73764\.mchp_packs\ [packService]
[2026-07-10T15:37:45.252Z] INFO  FRAMEWORK     Pack Manager initialization successful [framework]
[2026-07-10T15:37:45.254Z] INFO  FRAMEWORK     Device pack discovery initialized successfully [framework]
[2026-07-10T15:37:45.255Z] INFO  FRAMEWORK     Adding hardware device: PIC32WM_BZ6204 [framework]
[2026-07-10T15:37:45.256Z] DEBUG FRAMEWORK     Loading device data for PIC32WM_BZ6204 [framework]
[2026-07-10T15:37:45.868Z] INFO  FRAMEWORK     Successfully added hardware device: PIC32WM_BZ6204 [framework]
[2026-07-10T15:37:45.872Z] DEBUG SYSTEM        Action: content/PLIBS_DISCOVERED | {"instances":{}} [action,redux]
[2026-07-10T15:37:45.875Z] INFO  FRAMEWORK     Discovered 0 PLIB instances for PIC32WM_BZ6204 [framework]
[2026-07-10T15:37:45.879Z] INFO  SYSTEM        [persistence] Hardware loaded successfully for PIC32WM_BZ6204 [projectManager]
[2026-07-10T15:37:45.882Z] INFO  SYSTEM        [mplab-content] Discovering all content for PIC32WM_BZ6204; pinning 2 declared pack(s) [projectManager]
[2026-07-10T15:37:45.886Z] DEBUG FRAMEWORK     Discovery cache MISS for {"deviceAttributes":{"Dname":PIC32WM_BZ6204}} [framework]
[2026-07-10T15:37:46.541Z] DEBUG PACKSERVICE   [PACK-SERVICE] Downloading pack index file [packService]
[2026-07-10T15:37:46.545Z] DEBUG PACKSERVICE   [PACK-SERVICE] Cache-control metadata: fetchedAt=1783697564423, maxAge=3600s, url=https://packs.download.microchip.com/index.idx.gz [packService]
[2026-07-10T15:37:46.546Z] DEBUG PACKSERVICE   [PACK-SERVICE] Index age: 302.1s, max-age: 3600s — FRESH (skipping HTTP request) [packService]
[2026-07-10T15:37:46.548Z] DEBUG PACKSERVICE   [PACK-SERVICE] Pack index is still fresh (within Cache-Control max-age); skipping HTTP request [packService]
[2026-07-10T15:37:46.549Z] DEBUG PACKSERVICE   [PACK-SERVICE] Acquiring metadata lock for: C:\Users\I73764\.mchp_packs\ [packService]
[2026-07-10T15:37:46.553Z] DEBUG PACKSERVICE   [PACK-SERVICE] Acquired metadata lock for: C:\Users\I73764\.mchp_packs\ [packService]
[2026-07-10T15:37:46.556Z] DEBUG PACKSERVICE   [PACK-SERVICE] Parsing local pack index file [packService]
[2026-07-10T15:37:47.875Z] DEBUG SYSTEM        [auto-save] No config path available, skipping [projectManager]
[2026-07-10T15:37:49.106Z] DEBUG PACKSERVICE   [PACK-SERVICE] Updating main pack reference for rfPIC12F675H from Microchip.MCVxxxx_DFP to Microchip.PIC12-16Cxxx_DFP [packService]
[2026-07-10T15:38:00.593Z] DEBUG PACKSERVICE   [PACK-SERVICE] Pack SAMR35_DFP version 2.0.19 has an empty release date. Defaulting to initial release date. [packService]
[2026-07-10T15:38:04.022Z] DEBUG PACKSERVICE   [PACK-SERVICE] Updating main pack reference for dsPIC33CK32MP102 from Microchip.dsPIC33CH-MP_DFP to Microchip.dsPIC33CK-MP_DFP [packService]
[2026-07-10T15:38:04.028Z] DEBUG PACKSERVICE   [PACK-SERVICE] Updating main pack reference for dsPIC33CK32MP103 from Microchip.dsPIC33CH-MP_DFP to Microchip.dsPIC33CK-MP_DFP [packService]
[2026-07-10T15:38:04.033Z] DEBUG PACKSERVICE   [PACK-SERVICE] Updating main pack reference for dsPIC33CK32MP105 from Microchip.dsPIC33CH-MP_DFP to Microchip.dsPIC33CK-MP_DFP [packService]
[2026-07-10T15:38:04.052Z] DEBUG PACKSERVICE   [PACK-SERVICE] Updating main pack reference for dsPIC33CK64MP102 from Microchip.dsPIC33CH-MP_DFP to Microchip.dsPIC33CK-MP_DFP [packService]
[2026-07-10T15:38:04.056Z] DEBUG PACKSERVICE   [PACK-SERVICE] Updating main pack reference for dsPIC33CK64MP103 from Microchip.dsPIC33CH-MP_DFP to Microchip.dsPIC33CK-MP_DFP [packService]
[2026-07-10T15:38:04.060Z] DEBUG PACKSERVICE   [PACK-SERVICE] Updating main pack reference for dsPIC33CK64MP105 from Microchip.dsPIC33CH-MP_DFP to Microchip.dsPIC33CK-MP_DFP [packService]
[2026-07-10T15:38:06.079Z] DEBUG PACKSERVICE   [PACK-SERVICE] Completed parsing index file. Total devices available from index: 3768 [packService]
[2026-07-10T15:38:06.093Z] DEBUG PACKSERVICE   [PACK-SERVICE] Done parsing local pack index file [packService]
[2026-07-10T15:38:06.095Z] DEBUG PACKSERVICE   [PACK-SERVICE] Released metadata lock for: C:\Users\I73764\.mchp_packs\ [packService]
[2026-07-10T15:38:06.122Z] DEBUG PACKSERVICE   [PACK-SERVICE] Acquiring metadata lock for: C:\Users\I73764\.mchp_packs\ [packService]
[2026-07-10T15:38:06.127Z] DEBUG PACKSERVICE   [PACK-SERVICE] Acquired metadata lock for: C:\Users\I73764\.mchp_packs\ [packService]
[2026-07-10T15:38:06.157Z] DEBUG PACKSERVICE   [PACK-SERVICE] Updating version key [packService]
[2026-07-10T15:38:06.277Z] DEBUG PACKSERVICE   [PACK-SERVICE] Released metadata lock for: C:\Users\I73764\.mchp_packs\ [packService]
[2026-07-10T15:38:06.502Z] DEBUG FRAMEWORK     Discovery fetch complete for {"deviceAttributes":{"Dname":PIC32WM_BZ6204}} ([device=PIC32WM_BZ6204]): 777 component(s) retrieved from pack-service [framework]
[2026-07-10T15:38:06.507Z] DEBUG FRAMEWORK     Discovery strategy 'latest' filtered 777 → 109 components (14 pack(s) with latest versions) [framework]
[2026-07-10T15:38:06.508Z] INFO  FRAMEWORK     Discovery request {"deviceAttributes":{"Dname":PIC32WM_BZ6204}} for device(PIC32WM_BZ6204) fetched 109 component(s) from pack-service (filtered from 777 raw results) [framework]
[2026-07-10T15:38:06.510Z] DEBUG FRAMEWORK     Discovery cache HIT for {"deviceAttributes":{"Dname":PIC32WM_BZ6204}} [framework]
[2026-07-10T15:38:06.512Z] DEBUG FRAMEWORK     Discovery request {"deviceAttributes":{"Dname":PIC32WM_BZ6204}} for pack(ARM::CMSIS@6.2.0) returned 23 component(s) (out of 777 total) from cache [framework]
[2026-07-10T15:38:06.515Z] DEBUG FRAMEWORK     getTaxonomyFromPack(PIC32CX-BZ6_DFP, Microchip, 1.3.38): 1 entries [framework]
[2026-07-10T15:38:06.517Z] DEBUG FRAMEWORK     getTaxonomyFromPack(CMSIS, ARM, 6.2.0): 19 entries [framework]
[2026-07-10T15:38:06.518Z] DEBUG FRAMEWORK     getTaxonomyFromPack(CMSIS-Compiler, ARM, 2.2.0): 0 entries [framework]
[2026-07-10T15:38:06.519Z] DEBUG FRAMEWORK     getTaxonomyFromPack(CMSIS-DSP, ARM, 1.17.0): 0 entries [framework]
[2026-07-10T15:38:06.522Z] DEBUG FRAMEWORK     getTaxonomyFromPack(CMSIS-Driver_Validation, ARM, 3.1.0): 0 entries [framework]
[2026-07-10T15:38:06.524Z] DEBUG FRAMEWORK     getTaxonomyFromPack(CMSIS-FreeRTOS, ARM, 11.2.0): 0 entries [framework]
[2026-07-10T15:38:06.525Z] DEBUG FRAMEWORK     getTaxonomyFromPack(CMSIS-NN, ARM, 7.0.0): 0 entries [framework]
[2026-07-10T15:38:06.526Z] DEBUG FRAMEWORK     getTaxonomyFromPack(CMSIS-RTOS_Validation, ARM, 1.1.1): 0 entries [framework]
[2026-07-10T15:38:06.528Z] DEBUG FRAMEWORK     getTaxonomyFromPack(CMSIS-RTX, ARM, 5.9.1): 0 entries [framework]
[2026-07-10T15:38:06.529Z] DEBUG FRAMEWORK     getTaxonomyFromPack(CMSIS-View, ARM, 1.2.0): 0 entries [framework]
[2026-07-10T15:38:06.531Z] DEBUG FRAMEWORK     getTaxonomyFromPack(CMSIS-Driver, Keil, 2.10.0): 0 entries [framework]
[2026-07-10T15:38:06.532Z] DEBUG FRAMEWORK     getTaxonomyFromPack(CMSIS-Driver_DVRT, Microchip, 1.0.4): 0 entries [framework]
[2026-07-10T15:38:06.534Z] DEBUG FRAMEWORK     getTaxonomyFromPack(CMSIS-Driver_PIC32CM-JH, Microchip, 1.0.0): 0 entries [framework]
[2026-07-10T15:38:06.535Z] DEBUG FRAMEWORK     getTaxonomyFromPack(CMSIS-Driver_PIC32CM-PL, Microchip, 1.0.1): 0 entries [framework]
[2026-07-10T15:38:06.536Z] INFO  FRAMEWORK     [Pack Resolution] Loaded 20 taxonomy entries for PIC32WM_BZ6204 [framework]
[2026-07-10T15:38:06.539Z] DEBUG FRAMEWORK     Action: INITIALIZE_FRAMEWORK | "{\"global\":{\"projectDirectory\":\".\",\"generatedPath\":\"../mcc_generated_files\",\"mplabActiveAssociation\":{\"projectPath\":\".vscode/ble_thread_prov_sed_sensor.mplab.json\",\"configName\":\"default\"}},\"modules\":{\"..." [action,redux]
[2026-07-10T15:38:06.541Z] INFO  FRAMEWORK     Checking bundled content path: c:\Users\I73764\.vscode\extensions\microchip.mcc-ng-vscode-extension-0.9.0-pre.308\dist\ufc-content (exists: true) [framework]
[2026-07-10T15:38:06.552Z] DEBUG FRAMEWORK     [ProjectServices] Device name: PIC32WM_BZ6204 [framework]
[2026-07-10T15:38:06.556Z] INFO  FRAMEWORK     Generated 75 initializer manifests for PIC32WM_BZ6204 [framework]
[2026-07-10T15:38:06.561Z] DEBUG FRAMEWORK     [Progress] Discovered module: Port Plib (1/80) [framework]
[2026-07-10T15:38:06.562Z] DEBUG FRAMEWORK     [Progress] Discovered module: SERCOM_UART (2/80) [framework]
[2026-07-10T15:38:06.564Z] DEBUG FRAMEWORK     [Progress] Discovered module: Clock (3/80) [framework]
[2026-07-10T15:38:06.566Z] DEBUG FRAMEWORK     [Progress] Discovered module: mccng-initializer-config-pic32cm-pl (4/80) [framework]
[2026-07-10T15:38:06.567Z] DEBUG FRAMEWORK     [Progress] Discovered module: Pins (5/80) [framework]
[2026-07-10T15:38:06.569Z] DEBUG FRAMEWORK     [Progress] Generated initializer: AC_Initializer (6/80) [framework]
[2026-07-10T15:38:06.574Z] DEBUG FRAMEWORK     [Progress] Generated initializer: ADCHS_Initializer (7/80) [framework]
[2026-07-10T15:38:06.576Z] DEBUG FRAMEWORK     [Progress] Generated initializer: ARB_Initializer (8/80) [framework]
[2026-07-10T15:38:06.578Z] DEBUG FRAMEWORK     [Progress] Generated initializer: BLE_Initializer (9/80) [framework]
[2026-07-10T15:38:06.580Z] DEBUG FRAMEWORK     [Progress] Generated initializer: BTZBSYS_Initializer (10/80) [framework]
[2026-07-10T15:38:06.581Z] DEBUG FRAMEWORK     [Progress] Generated initializer: CAN0_Initializer (11/80) [framework]
[2026-07-10T15:38:06.583Z] DEBUG FRAMEWORK     [Progress] Generated initializer: CAN1_Initializer (12/80) [framework]
[2026-07-10T15:38:06.584Z] DEBUG FRAMEWORK     [Progress] Generated initializer: CCL_Initializer (13/80) [framework]
[2026-07-10T15:38:06.585Z] DEBUG FRAMEWORK     [Progress] Generated initializer: CFG_Initializer (14/80) [framework]
[2026-07-10T15:38:06.587Z] DEBUG FRAMEWORK     [Progress] Generated initializer: CMCC_Initializer (15/80) [framework]
[2026-07-10T15:38:06.589Z] DEBUG FRAMEWORK     [Progress] Generated initializer: CRU_Initializer (16/80) [framework]
[2026-07-10T15:38:06.593Z] DEBUG FRAMEWORK     [Progress] Generated initializer: CVD_Initializer (17/80) [framework]
[2026-07-10T15:38:06.595Z] DEBUG FRAMEWORK     [Progress] Generated initializer: CoreDebug_Initializer (18/80) [framework]
[2026-07-10T15:38:06.597Z] DEBUG FRAMEWORK     [Progress] Generated initializer: DAC_CTRL_Initializer (19/80) [framework]
[2026-07-10T15:38:06.598Z] DEBUG FRAMEWORK     [Progress] Generated initializer: DMAC_Initializer (20/80) [framework]
[2026-07-10T15:38:06.600Z] DEBUG FRAMEWORK     [Progress] Generated initializer: DMT_Initializer (21/80) [framework]
[2026-07-10T15:38:06.602Z] DEBUG FRAMEWORK     [Progress] Generated initializer: DSCON_Initializer (22/80) [framework]
[2026-07-10T15:38:06.604Z] DEBUG FRAMEWORK     [Progress] Generated initializer: DSU_Initializer (23/80) [framework]
[2026-07-10T15:38:06.610Z] DEBUG FRAMEWORK     [Progress] Generated initializer: DWT_Initializer (24/80) [framework]
[2026-07-10T15:38:06.612Z] DEBUG FRAMEWORK     [Progress] Generated initializer: EIC_Initializer (25/80) [framework]
[2026-07-10T15:38:06.613Z] DEBUG FRAMEWORK     [Progress] Generated initializer: EFUSE_Initializer (26/80) [framework]
[2026-07-10T15:38:06.615Z] DEBUG FRAMEWORK     [Progress] Generated initializer: ETH_Initializer (27/80) [framework]
[2026-07-10T15:38:06.617Z] DEBUG FRAMEWORK     [Progress] Generated initializer: ETM_Initializer (28/80) [framework]
[2026-07-10T15:38:06.619Z] DEBUG FRAMEWORK     [Progress] Generated initializer: EVSYS_Initializer (29/80) [framework]
[2026-07-10T15:38:06.621Z] DEBUG FRAMEWORK     [Progress] Generated initializer: FPU_Initializer (30/80) [framework]
[2026-07-10T15:38:06.624Z] DEBUG FRAMEWORK     [Progress] Generated initializer: FREQM_Initializer (31/80) [framework]
[2026-07-10T15:38:06.625Z] DEBUG FRAMEWORK     [Progress] Generated initializer: FUSES_Initializer (32/80) [framework]
[2026-07-10T15:38:06.627Z] DEBUG FRAMEWORK     [Progress] Generated initializer: GPIOE_Initializer (33/80) [framework]
[2026-07-10T15:38:06.628Z] DEBUG FRAMEWORK     [Progress] Generated initializer: GPIOD_Initializer (34/80) [framework]
[2026-07-10T15:38:06.630Z] DEBUG FRAMEWORK     [Progress] Generated initializer: GPIOC_Initializer (35/80) [framework]
[2026-07-10T15:38:06.631Z] DEBUG FRAMEWORK     [Progress] Generated initializer: GPIOB_Initializer (36/80) [framework]
[2026-07-10T15:38:06.633Z] DEBUG FRAMEWORK     [Progress] Generated initializer: GPIOA_Initializer (37/80) [framework]
[2026-07-10T15:38:06.634Z] DEBUG FRAMEWORK     [Progress] Generated initializer: HMATRIX2TOP_Initializer (38/80) [framework]
[2026-07-10T15:38:06.635Z] DEBUG FRAMEWORK     [Progress] Generated initializer: ITM_Initializer (39/80) [framework]
[2026-07-10T15:38:06.637Z] DEBUG FRAMEWORK     [Progress] Generated initializer: MPU_Initializer (40/80) [framework]
[2026-07-10T15:38:06.639Z] DEBUG FRAMEWORK     [Progress] Generated initializer: NVIC_Initializer (41/80) [framework]
[2026-07-10T15:38:06.641Z] DEBUG FRAMEWORK     [Progress] Generated initializer: NVM_Initializer (42/80) [framework]
[2026-07-10T15:38:06.643Z] DEBUG FRAMEWORK     [Progress] Generated initializer: PAC_Initializer (43/80) [framework]
[2026-07-10T15:38:06.644Z] DEBUG FRAMEWORK     [Progress] Generated initializer: PCHE_Initializer (44/80) [framework]
[2026-07-10T15:38:06.646Z] DEBUG FRAMEWORK     [Progress] Generated initializer: PFW_Initializer (45/80) [framework]
[2026-07-10T15:38:06.647Z] DEBUG FRAMEWORK     [Progress] Generated initializer: PMU_Initializer (46/80) [framework]
[2026-07-10T15:38:06.648Z] DEBUG FRAMEWORK     [Progress] Generated initializer: PPS_Initializer (47/80) [framework]
[2026-07-10T15:38:06.650Z] DEBUG FRAMEWORK     [Progress] Generated initializer: QEI_Initializer (48/80) [framework]
[2026-07-10T15:38:06.651Z] DEBUG FRAMEWORK     [Progress] Generated initializer: QSPI_Initializer (49/80) [framework]
[2026-07-10T15:38:06.652Z] DEBUG FRAMEWORK     [Progress] Generated initializer: RAMECC_Initializer (50/80) [framework]
[2026-07-10T15:38:06.655Z] DEBUG FRAMEWORK     [Progress] Generated initializer: RCON_Initializer (51/80) [framework]
[2026-07-10T15:38:06.657Z] DEBUG FRAMEWORK     [Progress] Generated initializer: ROT_Initializer (52/80) [framework]
[2026-07-10T15:38:06.659Z] DEBUG FRAMEWORK     [Progress] Generated initializer: RTC_Initializer (53/80) [framework]
[2026-07-10T15:38:06.660Z] DEBUG FRAMEWORK     [Progress] Generated initializer: SERCOM0_Initializer (54/80) [framework]
[2026-07-10T15:38:06.662Z] DEBUG FRAMEWORK     [Progress] Generated initializer: SERCOM1_Initializer (55/80) [framework]
[2026-07-10T15:38:06.663Z] DEBUG FRAMEWORK     [Progress] Generated initializer: SERCOM2_Initializer (56/80) [framework]
[2026-07-10T15:38:06.665Z] DEBUG FRAMEWORK     [Progress] Generated initializer: SERCOM3_Initializer (57/80) [framework]
[2026-07-10T15:38:06.667Z] DEBUG FRAMEWORK     [Progress] Generated initializer: SERCOM4_Initializer (58/80) [framework]
[2026-07-10T15:38:06.668Z] DEBUG FRAMEWORK     [Progress] Generated initializer: SERCOM5_Initializer (59/80) [framework]
[2026-07-10T15:38:06.671Z] DEBUG FRAMEWORK     [Progress] Generated initializer: SERCOM6_Initializer (60/80) [framework]
[2026-07-10T15:38:06.673Z] DEBUG FRAMEWORK     [Progress] Generated initializer: CRYPTO_Initializer (61/80) [framework]
[2026-07-10T15:38:06.675Z] DEBUG FRAMEWORK     [Progress] Generated initializer: SysTick_Initializer (62/80) [framework]
[2026-07-10T15:38:06.676Z] DEBUG FRAMEWORK     [Progress] Generated initializer: SystemControl_Initializer (63/80) [framework]
[2026-07-10T15:38:06.678Z] DEBUG FRAMEWORK     [Progress] Generated initializer: TC0_Initializer (64/80) [framework]
[2026-07-10T15:38:06.680Z] DEBUG FRAMEWORK     [Progress] Generated initializer: TC1_Initializer (65/80) [framework]
[2026-07-10T15:38:06.682Z] DEBUG FRAMEWORK     [Progress] Generated initializer: TC2_Initializer (66/80) [framework]
[2026-07-10T15:38:06.685Z] DEBUG FRAMEWORK     [Progress] Generated initializer: TC3_Initializer (67/80) [framework]
[2026-07-10T15:38:06.688Z] DEBUG FRAMEWORK     [Progress] Generated initializer: TC4_Initializer (68/80) [framework]
[2026-07-10T15:38:06.690Z] DEBUG FRAMEWORK     [Progress] Generated initializer: TC5_Initializer (69/80) [framework]
[2026-07-10T15:38:06.692Z] DEBUG FRAMEWORK     [Progress] Generated initializer: TC6_Initializer (70/80) [framework]
[2026-07-10T15:38:06.694Z] DEBUG FRAMEWORK     [Progress] Generated initializer: TC7_Initializer (71/80) [framework]
[2026-07-10T15:38:06.695Z] DEBUG FRAMEWORK     [Progress] Generated initializer: TC8_Initializer (72/80) [framework]
[2026-07-10T15:38:06.697Z] DEBUG FRAMEWORK     [Progress] Generated initializer: TC9_Initializer (73/80) [framework]
[2026-07-10T15:38:06.698Z] DEBUG FRAMEWORK     [Progress] Generated initializer: TCC0_Initializer (74/80) [framework]
[2026-07-10T15:38:06.700Z] DEBUG FRAMEWORK     [Progress] Generated initializer: TCC1_Initializer (75/80) [framework]
[2026-07-10T15:38:06.701Z] DEBUG FRAMEWORK     [Progress] Generated initializer: TCC2_Initializer (76/80) [framework]
[2026-07-10T15:38:06.703Z] DEBUG FRAMEWORK     [Progress] Generated initializer: TPI_Initializer (77/80) [framework]
[2026-07-10T15:38:06.706Z] DEBUG FRAMEWORK     [Progress] Generated initializer: USB_Initializer (78/80) [framework]
[2026-07-10T15:38:06.708Z] DEBUG FRAMEWORK     [Progress] Generated initializer: WDT_Initializer (79/80) [framework]
[2026-07-10T15:38:06.709Z] DEBUG FRAMEWORK     [Progress] Generated initializer: ZIGBEE_Initializer (80/80) [framework]
[2026-07-10T15:38:06.710Z] INFO  FRAMEWORK     Initialized framework with 80 content modules (5 discovered + 75 generated) from 1 content path(s) [framework]
[2026-07-10T15:38:06.717Z] INFO  FRAMEWORK     Pack content indexed (14 pack(s), 103 component(s)):
  ARM::CMSIS @ 6.2.0 — 22 component(s)
  ARM::CMSIS-Compiler @ 2.2.0 — 1 component(s)
  ARM::CMSIS-Driver_Validation @ 3.1.0 — 11 component(s)
  ARM::CMSIS-DSP @ 1.17.0 — 1 component(s)
  ARM::CMSIS-FreeRTOS @ 11.2.0 — 1 component(s)
  ARM::CMSIS-NN @ 7.0.0 — 1 component(s)
  ARM::CMSIS-RTOS_Validation @ 1.1.1 — 11 component(s)
  ARM::CMSIS-RTX @ 5.9.1 — 1 component(s)
  ARM::CMSIS-View @ 1.2.0 — 2 component(s)
  Keil::CMSIS-Driver @ 2.10.0 — 18 component(s)
  Microchip::CMSIS-Driver_DVRT @ 1.0.4 — 1 component(s)
  Microchip::CMSIS-Driver_PIC32CM-JH @ 1.0.0 — 1 component(s)
  Microchip::CMSIS-Driver_PIC32CM-PL @ 1.0.1 — 31 component(s)
  Microchip::PIC32CX-BZ6_DFP @ 1.3.38 — 1 component(s) [framework]
[2026-07-10T15:38:06.747Z] DEBUG FRAMEWORK     Action: UPDATE_FRAMEWORK_STATE | {"partialState":{"contentPaths":["c:\\Users\\I73764\\.vscode\\extensions\\microchip.mcc-ng-vscode-extension-0.9.0-pre.308\\dist\\ufc-content"]}} [action,redux]
[2026-07-10T15:38:06.753Z] DEBUG FRAMEWORK     Action: UPDATE_FRAMEWORK_STATE | {"partialState":{"ecosystem":"Dev","ide":"VSCode"}} [action,redux]
[2026-07-10T15:38:08.766Z] INFO  SYSTEM        [auto-save] Saving to c:\D\BZ6_ComboApp\Thread_BLE\SED\ble_thread_prov_sed_sensor\firmware\ble_thread_prov_sed_sensor.X\.vscode\mcc-config.yaml [projectManager]
[2026-07-10T15:38:08.776Z] INFO  SYSTEM        [projectManager] Saving project with mplab adapter [projectManager]
[2026-07-10T15:38:08.777Z] INFO  SYSTEM        [projectManager] Project saved successfully [projectManager]
[2026-07-10T15:38:08.778Z] INFO  SYSTEM        [persistence] Saved ecosystem configuration for mplab [projectManager]
[2026-07-10T15:38:17.292Z] DEBUG FRAMEWORK     Using config file: mcc-config.yaml [framework]
