[2026-07-10T15:32:31.844Z] DEBUG FRAMEWORK     [preferences] No preferences file found, using defaults [framework]
[2026-07-10T15:32:31.857Z] INFO  SYSTEM        
=== MCC-NG Framework startup diagnostics ===
	content root: C:/Users/I73764/.mcc-ng
	platform: win32
	os version: Windows 11 Enterprise
	arch: x64
	locale: en-US
	pid: 21528
	cwd: C:\Program Files\Microsoft VS Code
	node version: v24.15.0
	framework version: v0.17.0
	argv: C:\Program Files\Microsoft VS Code\Code.exe,c:\Program Files\Microsoft VS Code\4fe60c8b1c\resources\app\out\bootstrap-fork.js,--skipWorkspaceStorageLock
============================================ [startup]
[2026-07-10T15:32:35.698Z] DEBUG FRAMEWORK     [preferences] No preferences file found, using defaults [framework]
[2026-07-10T15:32:35.701Z] INFO  SYSTEM        [Project] Detecting ecosystem for c:\D\BZ6_ComboApp\Thread_BLE\SED\ble_thread_prov_sed_sensor\firmware [projectManager]
[2026-07-10T15:32:35.708Z] INFO  SYSTEM        cmsis: No CMSIS markers found [projectManager]
[2026-07-10T15:32:35.710Z] INFO  SYSTEM        mplab: marker in .vscode/, returning 0.9 confidence [projectManager]
[2026-07-10T15:32:35.721Z] INFO  SYSTEM        mplab: auto-discovered 1 association(s) [projectManager]
[2026-07-10T15:32:35.724Z] INFO  SYSTEM        mplab: active association: default [projectManager]
[2026-07-10T15:32:35.725Z] INFO  SYSTEM        mplab: loaded environment from c:\D\BZ6_ComboApp\Thread_BLE\SED\ble_thread_prov_sed_sensor\firmware\.vscode\ble_thread_prov_sed_sensor.mplab.json device=PIC32WM_BZ6204 activeConf=default configurations=1 [projectManager]
[2026-07-10T15:32:35.726Z] INFO  SYSTEM        [Project] Loaded mplab environment with 0 components [projectManager]
[2026-07-10T15:32:35.739Z] INFO  SYSTEM        [persistence] No config file found, using empty state [projectManager]
[2026-07-10T15:32:35.740Z] INFO  SYSTEM        [persistence] Set global.generatedPath: ../mcc_generated_files [projectManager]
[2026-07-10T15:32:35.742Z] INFO  SYSTEM        [persistence] Loading hardware for device: PIC32WM_BZ6204 [projectManager]
[2026-07-10T15:32:35.743Z] DEBUG SYSTEM        Action: ADD_HARDWARE | {"deviceName":"PIC32WM_BZ6204"} [action,redux]
[2026-07-10T15:32:35.744Z] INFO  FRAMEWORK     Initializing device pack discovery... [framework]
[2026-07-10T15:32:35.747Z] DEBUG FRAMEWORK     PackManager created with options: customPackServerUrl=default, maxRetries=3 [framework]
[2026-07-10T15:32:35.750Z] INFO  FRAMEWORK     Initializing Pack Manager (customPackServerUrl=default) [framework]
[2026-07-10T15:32:35.751Z] INFO  PACKSERVICE   [PACK-SERVICE] PackManager initial local pack folder C:\Users\I73764\.mchp_packs\ and remote pack repository https://packs.download.microchip.com/index.idx.gz [packService]
[2026-07-10T15:32:35.765Z] DEBUG PACKSERVICE   [PACK-SERVICE] MPLAB local pack folder exists: C:\Users\I73764\.mchp_packs\ [packService]
[2026-07-10T15:32:35.767Z] DEBUG PACKSERVICE   [PACK-SERVICE] .clangd file exists: C:\Users\I73764\.mchp_packs\.clangd [packService]
[2026-07-10T15:32:35.769Z] DEBUG PACKSERVICE   [PACK-SERVICE] Acquiring metadata lock for: C:\Users\I73764\.mchp_packs\ [packService]
[2026-07-10T15:32:35.776Z] DEBUG PACKSERVICE   [PACK-SERVICE] Acquired metadata lock for: C:\Users\I73764\.mchp_packs\ [packService]
[2026-07-10T15:32:35.777Z] DEBUG PACKSERVICE   [PACK-SERVICE] Parsing etag info from: C:\Users\I73764\.mchp_packs\ [packService]
[2026-07-10T15:32:35.781Z] DEBUG PACKSERVICE   [PACK-SERVICE] Found legacy etag file. [packService]
[2026-07-10T15:32:35.787Z] DEBUG PACKSERVICE   [PACK-SERVICE] Current Etag: d034b108a1527c898a2a105d8b939582a0bcbe0b [packService]
[2026-07-10T15:32:35.788Z] DEBUG PACKSERVICE   [PACK-SERVICE] Legacy etag: 35d9986b7ca7d2e13ec71e71f265e7cc [packService]
[2026-07-10T15:32:35.789Z] DEBUG PACKSERVICE   [PACK-SERVICE] Creating new PackManager Cache. [packService]
[2026-07-10T15:32:36.843Z] DEBUG PACKSERVICE   [PACK-SERVICE] Released metadata lock for: C:\Users\I73764\.mchp_packs\ [packService]
[2026-07-10T15:32:36.846Z] INFO  FRAMEWORK     Pack Manager initialization successful [framework]
[2026-07-10T15:32:36.848Z] INFO  FRAMEWORK     Device pack discovery initialized successfully [framework]
[2026-07-10T15:32:36.849Z] INFO  FRAMEWORK     Adding hardware device: PIC32WM_BZ6204 [framework]
[2026-07-10T15:32:36.850Z] DEBUG FRAMEWORK     Loading device data for PIC32WM_BZ6204 [framework]
[2026-07-10T15:32:37.538Z] INFO  FRAMEWORK     Successfully added hardware device: PIC32WM_BZ6204 [framework]
[2026-07-10T15:32:37.541Z] DEBUG SYSTEM        Action: content/PLIBS_DISCOVERED | {"instances":{}} [action,redux]
[2026-07-10T15:32:37.543Z] INFO  FRAMEWORK     Discovered 0 PLIB instances for PIC32WM_BZ6204 [framework]
[2026-07-10T15:32:37.549Z] INFO  SYSTEM        [persistence] Hardware loaded successfully for PIC32WM_BZ6204 [projectManager]
[2026-07-10T15:32:37.551Z] INFO  SYSTEM        [mplab-content] Discovering all content for PIC32WM_BZ6204; pinning 2 declared pack(s) [projectManager]
[2026-07-10T15:32:37.555Z] DEBUG FRAMEWORK     Discovery cache MISS for {"deviceAttributes":{"Dname":PIC32WM_BZ6204}} [framework]
[2026-07-10T15:32:40.037Z] DEBUG SYSTEM        [auto-save] No config path available, skipping [projectManager]
[2026-07-10T15:32:40.426Z] DEBUG PACKSERVICE   [PACK-SERVICE] Downloading pack index file [packService]
[2026-07-10T15:32:40.431Z] DEBUG PACKSERVICE   [PACK-SERVICE] Cache-control metadata: fetchedAt=1783567868893, maxAge=3600s, url=https://packs.download.microchip.com/index.idx.gz [packService]
[2026-07-10T15:32:40.433Z] DEBUG PACKSERVICE   [PACK-SERVICE] Index age: 129691.5s, max-age: 3600s — STALE (will fetch) [packService]
[2026-07-10T15:32:40.436Z] DEBUG PACKSERVICE   [PACK-SERVICE] Initiating download to temp location: 'C:\Users\I73764\AppData\Local\Temp\mplab-s05wvU' [packService]
[2026-07-10T15:32:43.508Z] DEBUG PACKSERVICE   [PACK-SERVICE] Time spent in the download operation: 3070 ms [packService]
[2026-07-10T15:32:43.511Z] DEBUG PACKSERVICE   [PACK-SERVICE] The remote ETag is: "35d9986b7ca7d2e13ec71e71f265e7cc" [packService]
[2026-07-10T15:32:43.512Z] DEBUG PACKSERVICE   [PACK-SERVICE] Acquiring metadata lock for: C:\Users\I73764\.mchp_packs\ [packService]
[2026-07-10T15:32:43.516Z] DEBUG PACKSERVICE   [PACK-SERVICE] Acquired metadata lock for: C:\Users\I73764\.mchp_packs\ [packService]
[2026-07-10T15:32:44.385Z] DEBUG PACKSERVICE   [PACK-SERVICE] Initiating cleanup of temp location: 'C:\Users\I73764\AppData\Local\Temp\mplab-s05wvU' [packService]
[2026-07-10T15:32:44.412Z] DEBUG PACKSERVICE   [PACK-SERVICE] Cleanup of temp location successful: 'C:\Users\I73764\AppData\Local\Temp\mplab-s05wvU' [packService]
[2026-07-10T15:32:44.413Z] DEBUG PACKSERVICE   [PACK-SERVICE] Writing legacy etag file. [packService]
[2026-07-10T15:32:44.417Z] DEBUG PACKSERVICE   [PACK-SERVICE] Writing etag file. [packService]
[2026-07-10T15:32:44.428Z] DEBUG PACKSERVICE   [PACK-SERVICE] Wrote cache-control metadata: fetchedAt=1783697564423, maxAge=3600s, url=https://packs.download.microchip.com/index.idx.gz [packService]
[2026-07-10T15:32:44.432Z] DEBUG PACKSERVICE   [PACK-SERVICE] Released metadata lock for: C:\Users\I73764\.mchp_packs\ [packService]
[2026-07-10T15:32:44.434Z] DEBUG PACKSERVICE   [PACK-SERVICE] Acquiring metadata lock for: C:\Users\I73764\.mchp_packs\ [packService]
[2026-07-10T15:32:44.436Z] DEBUG PACKSERVICE   [PACK-SERVICE] Acquired metadata lock for: C:\Users\I73764\.mchp_packs\ [packService]
[2026-07-10T15:32:44.437Z] DEBUG PACKSERVICE   [PACK-SERVICE] Parsing local pack index file [packService]
[2026-07-10T15:32:47.229Z] DEBUG PACKSERVICE   [PACK-SERVICE] Updating main pack reference for rfPIC12F675H from Microchip.MCVxxxx_DFP to Microchip.PIC12-16Cxxx_DFP [packService]
[2026-07-10T15:33:01.723Z] DEBUG PACKSERVICE   [PACK-SERVICE] Pack SAMR35_DFP version 2.0.19 has an empty release date. Defaulting to initial release date. [packService]
[2026-07-10T15:33:03.554Z] DEBUG PACKSERVICE   [PACK-SERVICE] Updating main pack reference for dsPIC33CK32MP102 from Microchip.dsPIC33CH-MP_DFP to Microchip.dsPIC33CK-MP_DFP [packService]
[2026-07-10T15:33:03.559Z] DEBUG PACKSERVICE   [PACK-SERVICE] Updating main pack reference for dsPIC33CK32MP103 from Microchip.dsPIC33CH-MP_DFP to Microchip.dsPIC33CK-MP_DFP [packService]
[2026-07-10T15:33:03.561Z] DEBUG PACKSERVICE   [PACK-SERVICE] Updating main pack reference for dsPIC33CK32MP105 from Microchip.dsPIC33CH-MP_DFP to Microchip.dsPIC33CK-MP_DFP [packService]
[2026-07-10T15:33:03.567Z] DEBUG PACKSERVICE   [PACK-SERVICE] Updating main pack reference for dsPIC33CK64MP102 from Microchip.dsPIC33CH-MP_DFP to Microchip.dsPIC33CK-MP_DFP [packService]
[2026-07-10T15:33:03.569Z] DEBUG PACKSERVICE   [PACK-SERVICE] Updating main pack reference for dsPIC33CK64MP103 from Microchip.dsPIC33CH-MP_DFP to Microchip.dsPIC33CK-MP_DFP [packService]
[2026-07-10T15:33:03.571Z] DEBUG PACKSERVICE   [PACK-SERVICE] Updating main pack reference for dsPIC33CK64MP105 from Microchip.dsPIC33CH-MP_DFP to Microchip.dsPIC33CK-MP_DFP [packService]
[2026-07-10T15:33:05.161Z] DEBUG PACKSERVICE   [PACK-SERVICE] Completed parsing index file. Total devices available from index: 3768 [packService]
[2026-07-10T15:33:05.174Z] DEBUG PACKSERVICE   [PACK-SERVICE] Done parsing local pack index file [packService]
[2026-07-10T15:33:05.177Z] DEBUG PACKSERVICE   [PACK-SERVICE] Released metadata lock for: C:\Users\I73764\.mchp_packs\ [packService]
[2026-07-10T15:33:05.203Z] DEBUG PACKSERVICE   [PACK-SERVICE] Acquiring metadata lock for: C:\Users\I73764\.mchp_packs\ [packService]
[2026-07-10T15:33:05.209Z] DEBUG PACKSERVICE   [PACK-SERVICE] Acquired metadata lock for: C:\Users\I73764\.mchp_packs\ [packService]
[2026-07-10T15:33:05.236Z] DEBUG PACKSERVICE   [PACK-SERVICE] Updating version key [packService]
[2026-07-10T15:33:05.477Z] DEBUG PACKSERVICE   [PACK-SERVICE] Released metadata lock for: C:\Users\I73764\.mchp_packs\ [packService]
[2026-07-10T15:33:05.791Z] DEBUG FRAMEWORK     Discovery fetch complete for {"deviceAttributes":{"Dname":PIC32WM_BZ6204}} ([device=PIC32WM_BZ6204]): 777 component(s) retrieved from pack-service [framework]
[2026-07-10T15:33:05.796Z] DEBUG FRAMEWORK     Discovery strategy 'latest' filtered 777 → 109 components (14 pack(s) with latest versions) [framework]
[2026-07-10T15:33:05.798Z] INFO  FRAMEWORK     Discovery request {"deviceAttributes":{"Dname":PIC32WM_BZ6204}} for device(PIC32WM_BZ6204) fetched 109 component(s) from pack-service (filtered from 777 raw results) [framework]
[2026-07-10T15:33:05.800Z] DEBUG FRAMEWORK     Discovery cache HIT for {"deviceAttributes":{"Dname":PIC32WM_BZ6204}} [framework]
[2026-07-10T15:33:05.803Z] DEBUG FRAMEWORK     Discovery request {"deviceAttributes":{"Dname":PIC32WM_BZ6204}} for pack(ARM::CMSIS@6.2.0) returned 23 component(s) (out of 777 total) from cache [framework]
[2026-07-10T15:33:05.806Z] DEBUG FRAMEWORK     getTaxonomyFromPack(CMSIS, ARM, 6.2.0): 19 entries [framework]
[2026-07-10T15:33:05.808Z] DEBUG FRAMEWORK     getTaxonomyFromPack(PIC32CX-BZ6_DFP, Microchip, 1.3.38): 1 entries [framework]
[2026-07-10T15:33:05.810Z] DEBUG FRAMEWORK     getTaxonomyFromPack(CMSIS-Compiler, ARM, 2.2.0): 0 entries [framework]
[2026-07-10T15:33:05.812Z] DEBUG FRAMEWORK     getTaxonomyFromPack(CMSIS-DSP, ARM, 1.17.0): 0 entries [framework]
[2026-07-10T15:33:05.813Z] DEBUG FRAMEWORK     getTaxonomyFromPack(CMSIS-Driver_Validation, ARM, 3.1.0): 0 entries [framework]
[2026-07-10T15:33:05.815Z] DEBUG FRAMEWORK     getTaxonomyFromPack(CMSIS-FreeRTOS, ARM, 11.2.0): 0 entries [framework]
[2026-07-10T15:33:05.817Z] DEBUG FRAMEWORK     getTaxonomyFromPack(CMSIS-NN, ARM, 7.0.0): 0 entries [framework]
[2026-07-10T15:33:05.820Z] DEBUG FRAMEWORK     getTaxonomyFromPack(CMSIS-RTOS_Validation, ARM, 1.1.1): 0 entries [framework]
[2026-07-10T15:33:05.823Z] DEBUG FRAMEWORK     getTaxonomyFromPack(CMSIS-RTX, ARM, 5.9.1): 0 entries [framework]
[2026-07-10T15:33:05.825Z] DEBUG FRAMEWORK     getTaxonomyFromPack(CMSIS-View, ARM, 1.2.0): 0 entries [framework]
[2026-07-10T15:33:05.827Z] DEBUG FRAMEWORK     getTaxonomyFromPack(CMSIS-Driver, Keil, 2.10.0): 0 entries [framework]
[2026-07-10T15:33:05.828Z] DEBUG FRAMEWORK     getTaxonomyFromPack(CMSIS-Driver_DVRT, Microchip, 1.0.4): 0 entries [framework]
[2026-07-10T15:33:05.830Z] DEBUG FRAMEWORK     getTaxonomyFromPack(CMSIS-Driver_PIC32CM-JH, Microchip, 1.0.0): 0 entries [framework]
[2026-07-10T15:33:05.832Z] DEBUG FRAMEWORK     getTaxonomyFromPack(CMSIS-Driver_PIC32CM-PL, Microchip, 1.0.1): 0 entries [framework]
[2026-07-10T15:33:05.834Z] INFO  FRAMEWORK     [Pack Resolution] Loaded 20 taxonomy entries for PIC32WM_BZ6204 [framework]
[2026-07-10T15:33:05.837Z] DEBUG FRAMEWORK     Action: INITIALIZE_FRAMEWORK | "{\"global\":{\"projectDirectory\":\".\",\"generatedPath\":\"../mcc_generated_files\",\"mplabActiveAssociation\":{\"projectPath\":\".vscode/ble_thread_prov_sed_sensor.mplab.json\",\"configName\":\"default\"}},\"modules\":{\"..." [action,redux]
[2026-07-10T15:33:05.841Z] INFO  FRAMEWORK     Checking bundled content path: c:\Users\I73764\.vscode\extensions\microchip.mcc-ng-vscode-extension-0.9.0-pre.308\dist\ufc-content (exists: true) [framework]
[2026-07-10T15:33:05.861Z] DEBUG FRAMEWORK     [ProjectServices] Device name: PIC32WM_BZ6204 [framework]
[2026-07-10T15:33:05.864Z] INFO  FRAMEWORK     Generated 75 initializer manifests for PIC32WM_BZ6204 [framework]
[2026-07-10T15:33:05.869Z] DEBUG FRAMEWORK     [Progress] Discovered module: Port Plib (1/80) [framework]
[2026-07-10T15:33:05.872Z] DEBUG FRAMEWORK     [Progress] Discovered module: SERCOM_UART (2/80) [framework]
[2026-07-10T15:33:05.874Z] DEBUG FRAMEWORK     [Progress] Discovered module: Clock (3/80) [framework]
[2026-07-10T15:33:05.878Z] DEBUG FRAMEWORK     [Progress] Discovered module: mccng-initializer-config-pic32cm-pl (4/80) [framework]
[2026-07-10T15:33:05.881Z] DEBUG FRAMEWORK     [Progress] Discovered module: Pins (5/80) [framework]
[2026-07-10T15:33:05.883Z] DEBUG FRAMEWORK     [Progress] Generated initializer: AC_Initializer (6/80) [framework]
[2026-07-10T15:33:05.885Z] DEBUG FRAMEWORK     [Progress] Generated initializer: ADCHS_Initializer (7/80) [framework]
[2026-07-10T15:33:05.886Z] DEBUG FRAMEWORK     [Progress] Generated initializer: ARB_Initializer (8/80) [framework]
[2026-07-10T15:33:05.889Z] DEBUG FRAMEWORK     [Progress] Generated initializer: BLE_Initializer (9/80) [framework]
[2026-07-10T15:33:05.892Z] DEBUG FRAMEWORK     [Progress] Generated initializer: BTZBSYS_Initializer (10/80) [framework]
[2026-07-10T15:33:05.895Z] DEBUG FRAMEWORK     [Progress] Generated initializer: CAN0_Initializer (11/80) [framework]
[2026-07-10T15:33:05.898Z] DEBUG FRAMEWORK     [Progress] Generated initializer: CAN1_Initializer (12/80) [framework]
[2026-07-10T15:33:05.900Z] DEBUG FRAMEWORK     [Progress] Generated initializer: CCL_Initializer (13/80) [framework]
[2026-07-10T15:33:05.902Z] DEBUG FRAMEWORK     [Progress] Generated initializer: CFG_Initializer (14/80) [framework]
[2026-07-10T15:33:05.905Z] DEBUG FRAMEWORK     [Progress] Generated initializer: CMCC_Initializer (15/80) [framework]
[2026-07-10T15:33:05.908Z] DEBUG FRAMEWORK     [Progress] Generated initializer: CRU_Initializer (16/80) [framework]
[2026-07-10T15:33:05.911Z] DEBUG FRAMEWORK     [Progress] Generated initializer: CVD_Initializer (17/80) [framework]
[2026-07-10T15:33:05.913Z] DEBUG FRAMEWORK     [Progress] Generated initializer: CoreDebug_Initializer (18/80) [framework]
[2026-07-10T15:33:05.915Z] DEBUG FRAMEWORK     [Progress] Generated initializer: DAC_CTRL_Initializer (19/80) [framework]
[2026-07-10T15:33:05.917Z] DEBUG FRAMEWORK     [Progress] Generated initializer: DMAC_Initializer (20/80) [framework]
[2026-07-10T15:33:05.919Z] DEBUG FRAMEWORK     [Progress] Generated initializer: DMT_Initializer (21/80) [framework]
[2026-07-10T15:33:05.922Z] DEBUG FRAMEWORK     [Progress] Generated initializer: DSCON_Initializer (22/80) [framework]
[2026-07-10T15:33:05.925Z] DEBUG FRAMEWORK     [Progress] Generated initializer: DSU_Initializer (23/80) [framework]
[2026-07-10T15:33:05.927Z] DEBUG FRAMEWORK     [Progress] Generated initializer: DWT_Initializer (24/80) [framework]
[2026-07-10T15:33:05.929Z] DEBUG FRAMEWORK     [Progress] Generated initializer: EIC_Initializer (25/80) [framework]
[2026-07-10T15:33:05.931Z] DEBUG FRAMEWORK     [Progress] Generated initializer: EFUSE_Initializer (26/80) [framework]
[2026-07-10T15:33:05.933Z] DEBUG FRAMEWORK     [Progress] Generated initializer: ETH_Initializer (27/80) [framework]
[2026-07-10T15:33:05.936Z] DEBUG FRAMEWORK     [Progress] Generated initializer: ETM_Initializer (28/80) [framework]
[2026-07-10T15:33:05.938Z] DEBUG FRAMEWORK     [Progress] Generated initializer: EVSYS_Initializer (29/80) [framework]
[2026-07-10T15:33:05.941Z] DEBUG FRAMEWORK     [Progress] Generated initializer: FPU_Initializer (30/80) [framework]
[2026-07-10T15:33:05.943Z] DEBUG FRAMEWORK     [Progress] Generated initializer: FREQM_Initializer (31/80) [framework]
[2026-07-10T15:33:05.945Z] DEBUG FRAMEWORK     [Progress] Generated initializer: FUSES_Initializer (32/80) [framework]
[2026-07-10T15:33:05.947Z] DEBUG FRAMEWORK     [Progress] Generated initializer: GPIOE_Initializer (33/80) [framework]
[2026-07-10T15:33:05.948Z] DEBUG FRAMEWORK     [Progress] Generated initializer: GPIOD_Initializer (34/80) [framework]
[2026-07-10T15:33:05.950Z] DEBUG FRAMEWORK     [Progress] Generated initializer: GPIOC_Initializer (35/80) [framework]
[2026-07-10T15:33:05.951Z] DEBUG FRAMEWORK     [Progress] Generated initializer: GPIOB_Initializer (36/80) [framework]
[2026-07-10T15:33:05.953Z] DEBUG FRAMEWORK     [Progress] Generated initializer: GPIOA_Initializer (37/80) [framework]
[2026-07-10T15:33:05.958Z] DEBUG FRAMEWORK     [Progress] Generated initializer: HMATRIX2TOP_Initializer (38/80) [framework]
[2026-07-10T15:33:05.961Z] DEBUG FRAMEWORK     [Progress] Generated initializer: ITM_Initializer (39/80) [framework]
[2026-07-10T15:33:05.963Z] DEBUG FRAMEWORK     [Progress] Generated initializer: MPU_Initializer (40/80) [framework]
[2026-07-10T15:33:05.965Z] DEBUG FRAMEWORK     [Progress] Generated initializer: NVIC_Initializer (41/80) [framework]
[2026-07-10T15:33:05.968Z] DEBUG FRAMEWORK     [Progress] Generated initializer: NVM_Initializer (42/80) [framework]
[2026-07-10T15:33:05.969Z] DEBUG FRAMEWORK     [Progress] Generated initializer: PAC_Initializer (43/80) [framework]
[2026-07-10T15:33:05.973Z] DEBUG FRAMEWORK     [Progress] Generated initializer: PCHE_Initializer (44/80) [framework]
[2026-07-10T15:33:05.976Z] DEBUG FRAMEWORK     [Progress] Generated initializer: PFW_Initializer (45/80) [framework]
[2026-07-10T15:33:05.978Z] DEBUG FRAMEWORK     [Progress] Generated initializer: PMU_Initializer (46/80) [framework]
[2026-07-10T15:33:05.980Z] DEBUG FRAMEWORK     [Progress] Generated initializer: PPS_Initializer (47/80) [framework]
[2026-07-10T15:33:05.982Z] DEBUG FRAMEWORK     [Progress] Generated initializer: QEI_Initializer (48/80) [framework]
[2026-07-10T15:33:05.984Z] DEBUG FRAMEWORK     [Progress] Generated initializer: QSPI_Initializer (49/80) [framework]
[2026-07-10T15:33:05.985Z] DEBUG FRAMEWORK     [Progress] Generated initializer: RAMECC_Initializer (50/80) [framework]
[2026-07-10T15:33:05.988Z] DEBUG FRAMEWORK     [Progress] Generated initializer: RCON_Initializer (51/80) [framework]
[2026-07-10T15:33:05.992Z] DEBUG FRAMEWORK     [Progress] Generated initializer: ROT_Initializer (52/80) [framework]
[2026-07-10T15:33:05.994Z] DEBUG FRAMEWORK     [Progress] Generated initializer: RTC_Initializer (53/80) [framework]
[2026-07-10T15:33:05.996Z] DEBUG FRAMEWORK     [Progress] Generated initializer: SERCOM0_Initializer (54/80) [framework]
[2026-07-10T15:33:05.999Z] DEBUG FRAMEWORK     [Progress] Generated initializer: SERCOM1_Initializer (55/80) [framework]
[2026-07-10T15:33:06.002Z] DEBUG FRAMEWORK     [Progress] Generated initializer: SERCOM2_Initializer (56/80) [framework]
[2026-07-10T15:33:06.005Z] DEBUG FRAMEWORK     [Progress] Generated initializer: SERCOM3_Initializer (57/80) [framework]
[2026-07-10T15:33:06.008Z] DEBUG FRAMEWORK     [Progress] Generated initializer: SERCOM4_Initializer (58/80) [framework]
[2026-07-10T15:33:06.011Z] DEBUG FRAMEWORK     [Progress] Generated initializer: SERCOM5_Initializer (59/80) [framework]
[2026-07-10T15:33:06.013Z] DEBUG FRAMEWORK     [Progress] Generated initializer: SERCOM6_Initializer (60/80) [framework]
[2026-07-10T15:33:06.015Z] DEBUG FRAMEWORK     [Progress] Generated initializer: CRYPTO_Initializer (61/80) [framework]
[2026-07-10T15:33:06.017Z] DEBUG FRAMEWORK     [Progress] Generated initializer: SysTick_Initializer (62/80) [framework]
[2026-07-10T15:33:06.018Z] DEBUG FRAMEWORK     [Progress] Generated initializer: SystemControl_Initializer (63/80) [framework]
[2026-07-10T15:33:06.023Z] DEBUG FRAMEWORK     [Progress] Generated initializer: TC0_Initializer (64/80) [framework]
[2026-07-10T15:33:06.027Z] DEBUG FRAMEWORK     [Progress] Generated initializer: TC1_Initializer (65/80) [framework]
[2026-07-10T15:33:06.030Z] DEBUG FRAMEWORK     [Progress] Generated initializer: TC2_Initializer (66/80) [framework]
[2026-07-10T15:33:06.031Z] DEBUG FRAMEWORK     [Progress] Generated initializer: TC3_Initializer (67/80) [framework]
[2026-07-10T15:33:06.033Z] DEBUG FRAMEWORK     [Progress] Generated initializer: TC4_Initializer (68/80) [framework]
[2026-07-10T15:33:06.035Z] DEBUG FRAMEWORK     [Progress] Generated initializer: TC5_Initializer (69/80) [framework]
[2026-07-10T15:33:06.038Z] DEBUG FRAMEWORK     [Progress] Generated initializer: TC6_Initializer (70/80) [framework]
[2026-07-10T15:33:06.041Z] DEBUG FRAMEWORK     [Progress] Generated initializer: TC7_Initializer (71/80) [framework]
[2026-07-10T15:33:06.043Z] DEBUG FRAMEWORK     [Progress] Generated initializer: TC8_Initializer (72/80) [framework]
[2026-07-10T15:33:06.045Z] DEBUG FRAMEWORK     [Progress] Generated initializer: TC9_Initializer (73/80) [framework]
[2026-07-10T15:33:06.047Z] DEBUG FRAMEWORK     [Progress] Generated initializer: TCC0_Initializer (74/80) [framework]
[2026-07-10T15:33:06.050Z] DEBUG FRAMEWORK     [Progress] Generated initializer: TCC1_Initializer (75/80) [framework]
[2026-07-10T15:33:06.051Z] DEBUG FRAMEWORK     [Progress] Generated initializer: TCC2_Initializer (76/80) [framework]
[2026-07-10T15:33:06.054Z] DEBUG FRAMEWORK     [Progress] Generated initializer: TPI_Initializer (77/80) [framework]
[2026-07-10T15:33:06.058Z] DEBUG FRAMEWORK     [Progress] Generated initializer: USB_Initializer (78/80) [framework]
[2026-07-10T15:33:06.060Z] DEBUG FRAMEWORK     [Progress] Generated initializer: WDT_Initializer (79/80) [framework]
[2026-07-10T15:33:06.062Z] DEBUG FRAMEWORK     [Progress] Generated initializer: ZIGBEE_Initializer (80/80) [framework]
[2026-07-10T15:33:06.064Z] INFO  FRAMEWORK     Initialized framework with 80 content modules (5 discovered + 75 generated) from 1 content path(s) [framework]
[2026-07-10T15:33:06.073Z] INFO  FRAMEWORK     Pack content indexed (14 pack(s), 103 component(s)):
  ARM::CMSIS @ 6.2.0 — 22 component(s)
  ARM::CMSIS-Compiler @ 2.2.0 — 1 component(s)
  ARM::CMSIS-Driver_Validation @ 3.1.0 — 11 component(s)
  ARM::CMSIS-DSP @ 1.17.0 — 1 component(s)
  ARM::CMSIS-FreeRTOS @ 11.2.0 — 1 component(s)
  ARM::CMSIS-NN @ 7.0.0 — 1 component(s)
  ARM::CMSIS-RTOS_Validation @ 1.1.1 — 11 component(s)
  ARM::CMSIS-RTX @ 5.9.1 — 1 component(s)
  ARM::CMSIS-View @ 1.2.0 — 2 component(s)
  Keil::CMSIS-Driver @ 2.10.0 — 18 component(s)
  Microchip::CMSIS-Driver_DVRT @ 1.0.4 — 1 component(s)
  Microchip::CMSIS-Driver_PIC32CM-JH @ 1.0.0 — 1 component(s)
  Microchip::CMSIS-Driver_PIC32CM-PL @ 1.0.1 — 31 component(s)
  Microchip::PIC32CX-BZ6_DFP @ 1.3.38 — 1 component(s) [framework]
[2026-07-10T15:33:06.096Z] DEBUG FRAMEWORK     Action: UPDATE_FRAMEWORK_STATE | {"partialState":{"contentPaths":["c:\\Users\\I73764\\.vscode\\extensions\\microchip.mcc-ng-vscode-extension-0.9.0-pre.308\\dist\\ufc-content"]}} [action,redux]
[2026-07-10T15:33:06.101Z] DEBUG FRAMEWORK     Action: UPDATE_FRAMEWORK_STATE | {"partialState":{"ecosystem":"Dev","ide":"VSCode"}} [action,redux]
[2026-07-10T15:33:08.117Z] INFO  SYSTEM        [auto-save] Saving to c:\D\BZ6_ComboApp\Thread_BLE\SED\ble_thread_prov_sed_sensor\firmware\.vscode\mcc-config.yaml [projectManager]
[2026-07-10T15:33:08.127Z] INFO  SYSTEM        [projectManager] Saving project with mplab adapter [projectManager]
[2026-07-10T15:33:08.129Z] INFO  SYSTEM        [projectManager] Project saved successfully [projectManager]
[2026-07-10T15:33:08.130Z] INFO  SYSTEM        [persistence] Saved ecosystem configuration for mplab [projectManager]
[2026-07-10T15:33:28.839Z] DEBUG FRAMEWORK     Action: UPDATE_FRAMEWORK_STATE | "{\"partialState\":{\"spaLayout\":{\"global\":{\"splitterSize\":6,\"tabEnableClose\":false,\"tabEnableRename\":false},\"borders\":[{\"type\":\"border\",\"location\":\"bottom\",\"children\":[{\"type\":\"tab\",\"id\":\"device-info\",\"n..." [action,redux]
[2026-07-10T15:33:30.851Z] DEBUG FRAMEWORK     Using config file: mcc-config.yaml [framework]
[2026-07-10T15:33:30.854Z] INFO  SYSTEM        [auto-save] Saving to c:\D\BZ6_ComboApp\Thread_BLE\SED\ble_thread_prov_sed_sensor\firmware\.vscode\mcc-config.yaml [projectManager]
[2026-07-10T15:33:30.887Z] INFO  SYSTEM        [projectManager] Saving project with mplab adapter [projectManager]
[2026-07-10T15:33:30.889Z] INFO  SYSTEM        [projectManager] Project saved successfully [projectManager]
[2026-07-10T15:33:30.893Z] INFO  SYSTEM        [persistence] Saved ecosystem configuration for mplab [projectManager]
[2026-07-10T15:35:03.750Z] DEBUG FRAMEWORK     Using config file: mcc-config.yaml [framework]
